|5|7|
|6|8|

Movie Name: MataMatrix
Author: Adi Harif

Frame 0:
|1|3|
|2|4|

Frame 1:
|5|7|
|6|8|

Frame 2:
|1|3|
|2|4|

-----End of Movie-----
